[2026-02-17T14:29:05.630Z] Requesting AQI for: Bangalore (Token length: 40)
[2026-02-17T14:29:05.631Z] URL: https://api.waqi.info/feed/Bangalore/?token=MASKED
[2026-02-17T14:29:05.632Z] Axios Error: axios is not defined
[2026-02-17T14:30:03.064Z] Requesting AQI for: Bangalore (Token length: 40)
[2026-02-17T14:30:03.065Z] URL: https://api.waqi.info/feed/Bangalore/?token=MASKED
[2026-02-17T14:30:03.738Z] AQICN Success: AQI 105
[2026-02-17T14:31:06.848Z] Requesting AQI for: Bangalore (Token length: 40)
[2026-02-17T14:31:06.853Z] URL: https://api.waqi.info/feed/Bangalore/?token=MASKED
[2026-02-17T14:31:07.539Z] AQICN Success: AQI 105
[2026-02-17T14:34:47.123Z] Requesting AQI for: panvel (Token length: 40)
[2026-02-17T14:34:47.124Z] URL: https://api.waqi.info/feed/panvel/?token=MASKED
[2026-02-17T14:34:48.021Z] AQICN Success: AQI -
[2026-02-17T14:36:38.331Z] Requesting AQI for: delhi (Token length: 40)
[2026-02-17T14:36:38.333Z] URL: https://api.waqi.info/feed/delhi/?token=MASKED
[2026-02-17T14:36:39.065Z] AQICN Success: AQI 133
[2026-02-17T14:38:02.445Z] Requesting AQI for: delhi (Token length: 40)
[2026-02-17T14:38:02.446Z] URL: https://api.waqi.info/feed/delhi/?token=MASKED
[2026-02-17T14:38:03.056Z] AQICN Success: AQI 133
[2026-02-17T14:39:18.892Z] Requesting AQI for: delhi (Token length: 40)
[2026-02-17T14:39:18.894Z] URL: https://api.waqi.info/feed/delhi/?token=MASKED
[2026-02-17T14:39:19.372Z] AQICN Success: AQI 133
[2026-02-17T14:40:14.316Z] Requesting AQI for: delhi (Token length: 40)
[2026-02-17T14:40:14.318Z] URL: https://api.waqi.info/feed/delhi/?token=MASKED
[2026-02-17T14:40:15.898Z] AQICN Success: AQI 133
[2026-02-17T14:42:58.364Z] Requesting AQI for: delhi (Token length: 40)
[2026-02-17T14:42:58.365Z] URL: https://api.waqi.info/feed/delhi/?token=MASKED
[2026-02-17T14:42:58.875Z] AQICN Success: AQI 133
[2026-02-17T14:48:15.627Z] Requesting AQI for: panvel (Token length: 40)
[2026-02-17T14:48:15.627Z] URL: https://api.waqi.info/feed/panvel/?token=MASKED
[2026-02-17T14:48:16.075Z] AQICN Success: AQI -
[2026-02-17T14:52:09.082Z] Requesting AQI for: delhi (Token length: 40)
[2026-02-17T14:52:09.084Z] URL: https://api.waqi.info/feed/delhi/?token=MASKED
[2026-02-17T14:52:09.754Z] AQICN Success: AQI 133
[2026-02-17T14:53:49.409Z] Requesting AQI for: delhi (Token length: 40)
[2026-02-17T14:53:49.410Z] URL: https://api.waqi.info/feed/delhi/?token=MASKED
[2026-02-17T14:53:49.888Z] AQICN Success: AQI 133
[2026-02-17T14:54:54.585Z] Requesting AQI for: delhi (Token length: 40)
[2026-02-17T14:54:54.587Z] URL: https://api.waqi.info/feed/delhi/?token=MASKED
[2026-02-17T14:54:55.040Z] AQICN Success: AQI 133
[2026-02-17T14:57:54.167Z] Requesting AQI for: delhi (Token length: 40)
[2026-02-17T14:57:54.169Z] URL: https://api.waqi.info/feed/delhi/?token=MASKED
[2026-02-17T14:57:54.615Z] AQICN Success: AQI 133
[2026-02-17T14:58:57.905Z] Requesting AQI for: delhi (Token length: 40)
[2026-02-17T14:58:57.906Z] URL: https://api.waqi.info/feed/delhi/?token=MASKED
[2026-02-17T14:58:58.388Z] AQICN Success: AQI 133
[2026-02-17T15:00:34.209Z] Requesting AQI for: delhi (Token length: 40)
[2026-02-17T15:00:34.211Z] URL: https://api.waqi.info/feed/delhi/?token=MASKED
[2026-02-17T15:00:34.835Z] AQICN Success: AQI 133
[2026-02-17T15:03:01.322Z] Requesting AQI for: delhi (Token length: 40)
[2026-02-17T15:03:01.323Z] URL: https://api.waqi.info/feed/delhi/?token=MASKED
[2026-02-17T15:03:02.113Z] AQICN Success: AQI 133
[2026-02-17T15:05:08.353Z] Requesting AQI for: delhi (Token length: 40)
[2026-02-17T15:05:08.354Z] URL: https://api.waqi.info/feed/delhi/?token=MASKED
[2026-02-17T15:05:09.644Z] AQICN Success: AQI 133
[2026-02-17T15:09:33.220Z] Requesting AQI for: delhi (Token length: 40)
[2026-02-17T15:09:33.220Z] URL: https://api.waqi.info/feed/delhi/?token=MASKED
[2026-02-17T15:09:33.684Z] AQICN Success: AQI 133
[2026-02-17T15:09:50.205Z] Requesting AQI for: delhi (Token length: 40)
[2026-02-17T15:09:50.206Z] URL: https://api.waqi.info/feed/delhi/?token=MASKED
[2026-02-17T15:09:50.711Z] AQICN Success: AQI 133
[2026-02-17T15:11:14.706Z] Requesting AQI for: delhi (Token length: 40)
[2026-02-17T15:11:14.708Z] URL: https://api.waqi.info/feed/delhi/?token=MASKED
[2026-02-17T15:11:15.368Z] AQICN Success: AQI 133
[2026-02-17T15:11:17.407Z] Requesting AQI for: delhi (Token length: 40)
[2026-02-17T15:11:17.407Z] URL: https://api.waqi.info/feed/delhi/?token=MASKED
[2026-02-17T15:11:18.122Z] AQICN Success: AQI 133
[2026-02-17T15:13:54.200Z] Requesting AQI for: delhi (Token length: 40)
[2026-02-17T15:13:54.201Z] URL: https://api.waqi.info/feed/delhi/?token=MASKED
[2026-02-17T15:13:54.653Z] AQICN Success: AQI 133
[2026-02-17T15:14:10.015Z] Requesting AQI for: delhi (Token length: 40)
[2026-02-17T15:14:10.017Z] URL: https://api.waqi.info/feed/delhi/?token=MASKED
[2026-02-17T15:14:11.042Z] AQICN Success: AQI 133
[2026-02-17T15:16:27.024Z] Requesting AQI for: delhi (Token length: 40)
[2026-02-17T15:16:27.025Z] URL: https://api.waqi.info/feed/delhi/?token=MASKED
[2026-02-17T15:16:27.586Z] AQICN Success: AQI 133
[2026-02-17T15:16:42.147Z] Requesting AQI for: delhi (Token length: 40)
[2026-02-17T15:16:42.149Z] URL: https://api.waqi.info/feed/delhi/?token=MASKED
[2026-02-17T15:16:42.655Z] AQICN Success: AQI 133
[2026-02-17T15:18:52.790Z] Requesting AQI for: delhi (Token length: 40)
[2026-02-17T15:18:52.791Z] URL: https://api.waqi.info/feed/delhi/?token=MASKED
[2026-02-17T15:18:53.252Z] AQICN Success: AQI 133
[2026-02-17T15:20:10.749Z] Requesting AQI for: delhi (Token length: 40)
[2026-02-17T15:20:10.750Z] URL: https://api.waqi.info/feed/delhi/?token=MASKED
[2026-02-17T15:20:11.261Z] AQICN Success: AQI 133
[2026-02-17T15:21:19.504Z] Requesting AQI for: delhi (Token length: 40)
[2026-02-17T15:21:19.506Z] URL: https://api.waqi.info/feed/delhi/?token=MASKED
[2026-02-17T15:21:20.684Z] AQICN Success: AQI 133
[2026-02-17T15:23:06.450Z] Requesting AQI for: delhi (Token length: 40)
[2026-02-17T15:23:06.452Z] URL: https://api.waqi.info/feed/delhi/?token=MASKED
[2026-02-17T15:23:06.938Z] AQICN Success: AQI 133
[2026-02-17T15:24:29.202Z] Requesting AQI for: delhi (Token length: 40)
[2026-02-17T15:24:29.204Z] URL: https://api.waqi.info/feed/delhi/?token=MASKED
[2026-02-17T15:24:29.696Z] AQICN Success: AQI 133
[2026-02-17T15:26:13.367Z] Requesting AQI for: delhi (Token length: 40)
[2026-02-17T15:26:13.368Z] URL: https://api.waqi.info/feed/delhi/?token=MASKED
[2026-02-17T15:26:13.855Z] AQICN Success: AQI 133
[2026-02-17T15:28:55.638Z] Requesting AQI for: delhi (Token length: 40)
[2026-02-17T15:28:55.639Z] URL: https://api.waqi.info/feed/delhi/?token=MASKED
[2026-02-17T15:28:56.126Z] AQICN Success: AQI 133
[2026-03-04T16:01:01.722Z] Requesting AQI for: panvel (Token length: 40)
[2026-03-04T16:01:01.724Z] URL: https://api.waqi.info/feed/panvel/?token=MASKED
[2026-03-04T16:01:02.634Z] AQICN Success: AQI -
[2026-03-04T16:01:33.761Z] Requesting AQI for: delhi (Token length: 40)
[2026-03-04T16:01:33.763Z] URL: https://api.waqi.info/feed/delhi/?token=MASKED
[2026-03-04T16:01:34.266Z] AQICN Success: AQI 151
[2026-03-04T16:03:07.837Z] Requesting AQI for: delhi (Token length: 40)
[2026-03-04T16:03:07.840Z] URL: https://api.waqi.info/feed/delhi/?token=MASKED
[2026-03-04T16:03:08.349Z] AQICN Success: AQI 151
[2026-03-04T16:14:18.683Z] Requesting AQI for: dlhi (Token length: 40)
[2026-03-04T16:14:18.686Z] URL: https://api.waqi.info/feed/dlhi/?token=MASKED
[2026-03-04T16:14:19.198Z] AQICN Response Error: {"status":"error","data":"Unknown station"}
[2026-03-04T16:14:19.201Z] Axios Error: AQICN failed: "Unknown station"
[2026-03-04T16:14:26.570Z] Requesting AQI for: delhi (Token length: 40)
[2026-03-04T16:14:26.572Z] URL: https://api.waqi.info/feed/delhi/?token=MASKED
[2026-03-04T16:14:27.095Z] AQICN Success: AQI 151
[2026-03-04T16:15:21.967Z] Requesting AQI for: delhi (Token length: 40)
[2026-03-04T16:15:21.969Z] URL: https://api.waqi.info/feed/delhi/?token=MASKED
[2026-03-04T16:15:22.444Z] AQICN Success: AQI 151
[2026-03-04T16:16:49.044Z] Requesting AQI for: delhi (Token length: 40)
[2026-03-04T16:16:49.047Z] URL: https://api.waqi.info/feed/delhi/?token=MASKED
[2026-03-04T16:16:49.517Z] AQICN Success: AQI 151
[2026-03-04T16:17:13.670Z] Requesting AQI for: new york (Token length: 40)
[2026-03-04T16:17:13.672Z] URL: https://api.waqi.info/feed/new%20york/?token=MASKED
[2026-03-04T16:17:14.167Z] AQICN Success: AQI 52
[2026-03-04T16:21:36.151Z] Requesting AQI for: delhi (Token length: 40)
[2026-03-04T16:21:36.155Z] URL: https://api.waqi.info/feed/delhi/?token=MASKED
[2026-03-04T16:21:37.454Z] AQICN Success: AQI 151
[2026-03-04T16:24:16.877Z] Requesting AQI for: delhi (Token length: 40)
[2026-03-04T16:24:16.880Z] URL: https://api.waqi.info/feed/delhi/?token=MASKED
[2026-03-04T16:24:17.350Z] AQICN Success: AQI 151
[2026-03-04T16:24:50.936Z] Requesting AQI for: panvel (Token length: 40)
[2026-03-04T16:24:50.937Z] URL: https://api.waqi.info/feed/panvel/?token=MASKED
[2026-03-04T16:24:51.394Z] AQICN Success: AQI -
[2026-03-04T16:25:19.248Z] Requesting AQI for: panvel (Token length: 40)
[2026-03-04T16:25:19.249Z] URL: https://api.waqi.info/feed/panvel/?token=MASKED
[2026-03-04T16:25:19.984Z] AQICN Success: AQI -
[2026-03-04T16:25:56.207Z] Requesting AQI for: delhi (Token length: 40)
[2026-03-04T16:25:56.207Z] URL: https://api.waqi.info/feed/delhi/?token=MASKED
[2026-03-04T16:25:56.715Z] AQICN Success: AQI 151
[2026-03-04T16:26:40.352Z] Requesting AQI for: delhi (Token length: 40)
[2026-03-04T16:26:40.354Z] URL: https://api.waqi.info/feed/delhi/?token=MASKED
[2026-03-04T16:26:41.052Z] AQICN Success: AQI 151
[2026-03-04T16:28:16.620Z] Requesting AQI for: panvel (Token length: 40)
[2026-03-04T16:28:16.622Z] URL: https://api.waqi.info/feed/panvel/?token=MASKED
[2026-03-04T16:28:17.115Z] AQICN Success: AQI -
[2026-03-04T16:28:27.700Z] Requesting AQI for: delhi (Token length: 40)
[2026-03-04T16:28:27.702Z] URL: https://api.waqi.info/feed/delhi/?token=MASKED
[2026-03-04T16:28:28.177Z] AQICN Success: AQI 151
[2026-03-04T16:30:51.808Z] Requesting AQI for: delhi (Token length: 40)
[2026-03-04T16:30:51.810Z] URL: https://api.waqi.info/feed/delhi/?token=MASKED
[2026-03-04T16:30:52.360Z] AQICN Success: AQI 151
[2026-03-04T16:31:36.542Z] Requesting AQI for: new york (Token length: 40)
[2026-03-04T16:31:36.545Z] URL: https://api.waqi.info/feed/new%20york/?token=MASKED
[2026-03-04T16:31:37.191Z] AQICN Success: AQI 52
[2026-03-04T16:41:52.785Z] Requesting AQI for: delhi (Token length: 40)
[2026-03-04T16:41:52.787Z] URL: https://api.waqi.info/feed/delhi/?token=MASKED
[2026-03-04T16:41:53.273Z] AQICN Success: AQI 151
[2026-03-10T17:48:51.014Z] Requesting AQI for: new york (Token length: 40)
[2026-03-10T17:48:51.021Z] URL: https://api.waqi.info/feed/new%20york/?token=MASKED
[2026-03-10T17:48:51.702Z] AQICN Success: AQI 65
[2026-03-10T17:52:19.231Z] Requesting AQI for: new york (Token length: 40)
[2026-03-10T17:52:19.232Z] URL: https://api.waqi.info/feed/new%20york/?token=MASKED
[2026-03-10T17:52:19.874Z] AQICN Success: AQI 65
[2026-03-10T17:54:36.366Z] Requesting AQI for: new york (Token length: 40)
[2026-03-10T17:54:36.368Z] URL: https://api.waqi.info/feed/new%20york/?token=MASKED
[2026-03-10T17:54:37.079Z] AQICN Success: AQI 65
[2026-03-10T18:05:43.039Z] Requesting AQI for: new york (Token length: 40)
[2026-03-10T18:05:43.042Z] URL: https://api.waqi.info/feed/new%20york/?token=MASKED
[2026-03-10T18:05:43.573Z] AQICN Success: AQI 60
[2026-03-10T18:24:01.028Z] Requesting AQI for: new york (Token length: 40)
[2026-03-10T18:24:01.030Z] URL: https://api.waqi.info/feed/new%20york/?token=MASKED
[2026-03-10T18:24:01.694Z] AQICN Success: AQI 60
[2026-03-10T18:33:15.151Z] Requesting AQI for: new york (Token length: 40)
[2026-03-10T18:33:15.154Z] URL: https://api.waqi.info/feed/new%20york/?token=MASKED
[2026-03-10T18:33:15.638Z] AQICN Success: AQI 60
[2026-03-10T18:35:23.215Z] Requesting AQI for: new york (Token length: 40)
[2026-03-10T18:35:23.217Z] URL: https://api.waqi.info/feed/new%20york/?token=MASKED
[2026-03-10T18:35:23.685Z] AQICN Success: AQI 60
[2026-03-10T18:40:36.384Z] Requesting AQI for: new york (Token length: 40)
[2026-03-10T18:40:36.386Z] URL: https://api.waqi.info/feed/new%20york/?token=MASKED
[2026-03-10T18:40:37.130Z] AQICN Success: AQI 60
[2026-03-10T18:54:14.040Z] Requesting AQI for: new york (Token length: 40)
[2026-03-10T18:54:14.041Z] URL: https://api.waqi.info/feed/new%20york/?token=MASKED
[2026-03-10T18:54:14.571Z] AQICN Success: AQI 60
[2026-03-10T18:56:09.429Z] Requesting AQI for: new york (Token length: 40)
[2026-03-10T18:56:09.431Z] URL: https://api.waqi.info/feed/new%20york/?token=MASKED
[2026-03-10T18:56:09.997Z] AQICN Success: AQI 37
[2026-03-10T19:01:14.904Z] Requesting AQI for: new york (Token length: 40)
[2026-03-10T19:01:14.906Z] URL: https://api.waqi.info/feed/new%20york/?token=MASKED
[2026-03-10T19:01:15.378Z] AQICN Success: AQI 37
[2026-03-10T19:04:35.248Z] Requesting AQI for: new york (Token length: 40)
[2026-03-10T19:04:35.250Z] URL: https://api.waqi.info/feed/new%20york/?token=MASKED
[2026-03-10T19:04:35.793Z] AQICN Success: AQI 37
[2026-03-10T19:09:37.488Z] Requesting AQI for: new york (Token length: 40)
[2026-03-10T19:09:37.490Z] URL: https://api.waqi.info/feed/new%20york/?token=MASKED
[2026-03-10T19:09:37.988Z] AQICN Success: AQI 37
[2026-03-10T19:12:58.001Z] Requesting AQI for: new york (Token length: 40)
[2026-03-10T19:12:58.002Z] URL: https://api.waqi.info/feed/new%20york/?token=MASKED
[2026-03-10T19:12:58.525Z] AQICN Success: AQI 37
[2026-03-10T19:18:52.759Z] Requesting AQI for: new york (Token length: 40)
[2026-03-10T19:18:52.761Z] URL: https://api.waqi.info/feed/new%20york/?token=MASKED
[2026-03-10T19:18:53.268Z] AQICN Success: AQI 37
[2026-03-10T19:20:35.078Z] Requesting AQI for: new york (Token length: 40)
[2026-03-10T19:20:35.080Z] URL: https://api.waqi.info/feed/new%20york/?token=MASKED
[2026-03-10T19:20:35.590Z] AQICN Success: AQI 37
[2026-03-11T04:16:38.706Z] Requesting AQI for: nw york (Token length: 40)
[2026-03-11T04:16:38.710Z] URL: https://api.waqi.info/feed/nw%20york/?token=MASKED
[2026-03-11T04:16:40.093Z] AQICN Response Error: {"status":"error","data":"Unknown station"}
[2026-03-11T04:16:40.095Z] Axios Error: AQICN failed: "Unknown station"
[2026-03-11T04:16:49.648Z] Requesting AQI for: new york (Token length: 40)
[2026-03-11T04:16:49.650Z] URL: https://api.waqi.info/feed/new%20york/?token=MASKED
[2026-03-11T04:16:50.506Z] AQICN Success: AQI 73
[2026-03-11T17:12:11.039Z] Requesting AQI for: new york (Token length: 40)
[2026-03-11T17:12:11.046Z] URL: https://api.waqi.info/feed/new%20york/?token=MASKED
[2026-03-11T17:12:11.963Z] AQICN Success: AQI 68
[2026-03-11T17:12:52.921Z] Requesting AQI for: mumbai (Token length: 40)
[2026-03-11T17:12:52.923Z] URL: https://api.waqi.info/feed/mumbai/?token=MASKED
[2026-03-11T17:12:53.377Z] AQICN Success: AQI 161
[2026-03-11T17:44:39.725Z] Requesting AQI for: london (Token length: 40)
[2026-03-11T17:44:39.727Z] URL: https://api.waqi.info/feed/london/?token=MASKED
[2026-03-11T17:44:40.506Z] AQICN Success: AQI 42
[2026-03-11T17:51:22.468Z] Requesting AQI for: london (Token length: 40)
[2026-03-11T17:51:22.470Z] URL: https://api.waqi.info/feed/london/?token=MASKED
[2026-03-11T17:51:22.953Z] AQICN Success: AQI 42
[2026-03-11T18:14:00.624Z] Requesting AQI for: new york (Token length: 40)
[2026-03-11T18:14:00.626Z] URL: https://api.waqi.info/feed/new%20york/?token=MASKED
[2026-03-11T18:14:01.119Z] AQICN Success: AQI 71
[2026-03-11T18:18:34.738Z] Requesting AQI for: Delhi (Token length: 40)
[2026-03-11T18:18:34.740Z] URL: https://api.waqi.info/feed/Delhi/?token=MASKED
[2026-03-11T18:18:35.231Z] AQICN Success: AQI 164
[2026-03-11T18:23:45.559Z] Requesting AQI for: Delhi (Token length: 40)
[2026-03-11T18:23:45.560Z] URL: https://api.waqi.info/feed/Delhi/?token=MASKED
[2026-03-11T18:23:46.049Z] AQICN Success: AQI 164
[2026-03-11T18:25:03.329Z] Requesting AQI for: london (Token length: 40)
[2026-03-11T18:25:03.331Z] URL: https://api.waqi.info/feed/london/?token=MASKED
[2026-03-11T18:25:03.827Z] AQICN Success: AQI 42
[2026-03-11T18:28:05.714Z] Requesting AQI for: Delhi (Token length: 40)
[2026-03-11T18:28:05.716Z] URL: https://api.waqi.info/feed/Delhi/?token=MASKED
[2026-03-11T18:28:06.220Z] AQICN Success: AQI 164
[2026-03-11T18:29:30.716Z] Requesting AQI for: london (Token length: 40)
[2026-03-11T18:29:30.718Z] URL: https://api.waqi.info/feed/london/?token=MASKED
[2026-03-11T18:29:31.220Z] AQICN Success: AQI 42
[2026-03-11T18:33:03.615Z] Requesting AQI for: Delhi (Token length: 40)
[2026-03-11T18:33:03.616Z] URL: https://api.waqi.info/feed/Delhi/?token=MASKED
[2026-03-11T18:33:04.127Z] AQICN Success: AQI 169
[2026-03-11T18:35:10.964Z] Requesting AQI for: Delhi (Token length: 40)
[2026-03-11T18:35:10.965Z] URL: https://api.waqi.info/feed/Delhi/?token=MASKED
[2026-03-11T18:35:11.495Z] AQICN Success: AQI 169
[2026-03-11T18:35:13.648Z] Requesting AQI for: Delhi (Token length: 40)
[2026-03-11T18:35:13.649Z] URL: https://api.waqi.info/feed/Delhi/?token=MASKED
[2026-03-11T18:35:13.799Z] AQICN Success: AQI 169
[2026-03-11T18:35:18.264Z] Requesting AQI for: Delhi (Token length: 40)
[2026-03-11T18:35:18.265Z] URL: https://api.waqi.info/feed/Delhi/?token=MASKED
[2026-03-11T18:35:18.453Z] AQICN Success: AQI 169
[2026-03-11T18:35:29.703Z] Requesting AQI for: Delhi (Token length: 40)
[2026-03-11T18:35:29.705Z] URL: https://api.waqi.info/feed/Delhi/?token=MASKED
[2026-03-11T18:35:30.366Z] AQICN Success: AQI 169
[2026-03-11T18:35:30.550Z] Requesting AQI for: Delhi (Token length: 40)
[2026-03-11T18:35:30.551Z] URL: https://api.waqi.info/feed/Delhi/?token=MASKED
[2026-03-11T18:35:30.707Z] AQICN Success: AQI 169
[2026-03-11T18:35:30.862Z] Requesting AQI for: Delhi (Token length: 40)
[2026-03-11T18:35:30.863Z] URL: https://api.waqi.info/feed/Delhi/?token=MASKED
[2026-03-11T18:35:31.042Z] AQICN Success: AQI 169
[2026-03-11T18:35:31.175Z] Requesting AQI for: Delhi (Token length: 40)
[2026-03-11T18:35:31.177Z] URL: https://api.waqi.info/feed/Delhi/?token=MASKED
[2026-03-11T18:35:31.327Z] AQICN Success: AQI 169
[2026-03-11T18:35:31.468Z] Requesting AQI for: Delhi (Token length: 40)
[2026-03-11T18:35:31.469Z] URL: https://api.waqi.info/feed/Delhi/?token=MASKED
[2026-03-11T18:35:31.626Z] AQICN Success: AQI 169
[2026-03-11T18:35:31.762Z] Requesting AQI for: Delhi (Token length: 40)
[2026-03-11T18:35:31.763Z] URL: https://api.waqi.info/feed/Delhi/?token=MASKED
[2026-03-11T18:35:32.093Z] AQICN Success: AQI 169
[2026-03-11T18:37:24.555Z] Requesting AQI for: Delhi (Token length: 40)
[2026-03-11T18:37:24.557Z] URL: https://api.waqi.info/feed/Delhi/?token=MASKED
[2026-03-11T18:37:25.068Z] AQICN Success: AQI 169
[2026-03-11T18:39:07.603Z] Requesting AQI for: Delhi (Token length: 40)
[2026-03-11T18:39:07.604Z] URL: https://api.waqi.info/feed/Delhi/?token=MASKED
[2026-03-11T18:39:08.092Z] AQICN Success: AQI 169
[2026-03-11T18:42:00.057Z] Requesting AQI for: london (Token length: 40)
[2026-03-11T18:42:00.059Z] URL: https://api.waqi.info/feed/london/?token=MASKED
[2026-03-11T18:42:00.563Z] AQICN Success: AQI 42
[2026-03-13T16:11:07.752Z] Requesting AQI for: navi mumbai (Token length: 40)
[2026-03-13T16:11:07.755Z] URL: https://api.waqi.info/feed/navi%20mumbai/?token=MASKED
[2026-03-13T16:11:07.903Z] AQICN Success: AQI 91
[2026-03-13T16:30:35.166Z] Requesting AQI for: sanderao (Token length: 40)
[2026-03-13T16:30:35.170Z] URL: https://api.waqi.info/feed/sanderao/?token=MASKED
[2026-03-13T16:30:36.743Z] AQICN Response Error or 0-AQI: {"status":"error","data":"Unknown station"}
[2026-03-13T16:30:36.745Z] Axios Error: AQICN failed or sensor offline (AQI: 0)
[2026-03-13T16:30:48.872Z] Requesting AQI for: seawoods (Token length: 40)
[2026-03-13T16:30:48.874Z] URL: https://api.waqi.info/feed/seawoods/?token=MASKED
[2026-03-13T16:30:49.133Z] AQICN Response Error or 0-AQI: {"status":"error","data":"Unknown station"}
[2026-03-13T16:30:49.135Z] Axios Error: AQICN failed or sensor offline (AQI: 0)
[2026-03-13T16:30:54.943Z] Requesting AQI for: seawood (Token length: 40)
[2026-03-13T16:30:54.944Z] URL: https://api.waqi.info/feed/seawood/?token=MASKED
[2026-03-13T16:30:56.641Z] AQICN Response Error or 0-AQI: {"status":"error","data":"Unknown station"}
[2026-03-13T16:30:56.645Z] Axios Error: AQICN failed or sensor offline (AQI: 0)
[2026-03-13T16:31:12.748Z] Requesting AQI for: Bandra, Mumbai, India (Token length: 40)
[2026-03-13T16:31:12.751Z] URL: https://api.waqi.info/feed/Bandra%2C%20Mumbai%2C%20India/?token=MASKED
[2026-03-13T16:31:13.043Z] AQICN Success: AQI -
[2026-03-13T16:31:23.113Z] Requesting AQI for: navi mumbai (Token length: 40)
[2026-03-13T16:31:23.114Z] URL: https://api.waqi.info/feed/navi%20mumbai/?token=MASKED
[2026-03-13T16:31:23.935Z] AQICN Success: AQI 91
[2026-03-13T16:31:33.426Z] Requesting AQI for: kurla (Token length: 40)
[2026-03-13T16:31:33.428Z] URL: https://api.waqi.info/feed/kurla/?token=MASKED
[2026-03-13T16:31:34.828Z] AQICN Success: AQI 95
[2026-03-13T16:32:01.736Z] Requesting AQI for: bandra (Token length: 40)
[2026-03-13T16:32:01.737Z] URL: https://api.waqi.info/feed/bandra/?token=MASKED
[2026-03-13T16:32:02.098Z] AQICN Response Error or 0-AQI: {"status":"error","data":"Unknown station"}
[2026-03-13T16:32:02.100Z] Axios Error: AQICN failed or sensor offline (AQI: 0)
[2026-03-13T16:54:07.800Z] Requesting AQI for: kurla (Token length: 40)
[2026-03-13T16:54:07.805Z] URL: https://api.waqi.info/feed/kurla/?token=MASKED
[2026-03-13T16:54:56.551Z] AQICN Success: AQI 95
[2026-03-13T17:11:56.615Z] Requesting AQI for: kurla (Token length: 40)
[2026-03-13T17:11:56.618Z] URL: https://api.waqi.info/feed/kurla/?token=MASKED
[2026-03-13T17:11:58.689Z] AQICN Success: AQI 95
[2026-03-13T17:12:29.141Z] Requesting AQI for: Kurla, Mumbai, India (Token length: 40)
[2026-03-13T17:12:29.143Z] URL: https://api.waqi.info/feed/Kurla%2C%20Mumbai%2C%20India/?token=MASKED
[2026-03-13T17:12:33.330Z] AQICN Success: AQI 89
[2026-03-13T17:13:02.091Z] Requesting AQI for: Bandra, Mumbai, India (Token length: 40)
[2026-03-13T17:13:02.092Z] URL: https://api.waqi.info/feed/Bandra%2C%20Mumbai%2C%20India/?token=MASKED
[2026-03-13T17:13:02.664Z] AQICN Success: AQI -
[2026-03-13T17:13:20.377Z] Requesting AQI for: thane (Token length: 40)
[2026-03-13T17:13:20.379Z] URL: https://api.waqi.info/feed/thane/?token=MASKED
[2026-03-13T17:13:21.606Z] AQICN Success: AQI 77
[2026-03-13T17:13:57.555Z] Requesting AQI for: badlapur (Token length: 40)
[2026-03-13T17:13:57.557Z] URL: https://api.waqi.info/feed/badlapur/?token=MASKED
[2026-03-13T17:14:16.199Z] AQICN Response Error or 0-AQI: {"status":"error","data":"Unknown station"}
[2026-03-13T17:14:16.203Z] Axios Error: AQICN failed or sensor offline (AQI: 0)
[2026-03-13T17:35:51.057Z] Requesting AQI for: navi mumbai (Token length: 40)
[2026-03-13T17:35:51.057Z] URL: https://api.waqi.info/feed/navi%20mumbai/?token=MASKED
[2026-03-13T17:35:51.466Z] AQICN Success: AQI 91
[2026-03-13T17:37:50.590Z] Requesting AQI for: navi mumbai (Token length: 40)
[2026-03-13T17:37:50.591Z] URL: https://api.waqi.info/feed/navi%20mumbai/?token=MASKED
[2026-03-13T17:37:51.131Z] AQICN Success: AQI 91
[2026-03-13T17:38:16.281Z] Requesting AQI for: navi mumbai (Token length: 40)
[2026-03-13T17:38:16.283Z] URL: https://api.waqi.info/feed/navi%20mumbai/?token=MASKED
[2026-03-13T17:38:16.715Z] AQICN Success: AQI 91
[2026-03-13T17:40:42.478Z] Requesting AQI for: navi mumbai (Token length: 40)
[2026-03-13T17:40:42.479Z] URL: https://api.waqi.info/feed/navi%20mumbai/?token=MASKED
[2026-03-13T17:40:43.059Z] AQICN Success: AQI 91
[2026-03-13T17:41:59.525Z] Requesting AQI for: navi mumbai (Token length: 40)
[2026-03-13T17:41:59.525Z] URL: https://api.waqi.info/feed/navi%20mumbai/?token=MASKED
[2026-03-13T17:41:59.969Z] AQICN Success: AQI 91
